I'm sorry, but errors were detected in your script. Please correct the
errors listed below, and try again.


File "game/artificial_character.rpy", line 3: expected statement.
    import logging
                  ^

File "game/artificial_character.rpy", line 4: expected statement.
    from characterai import pycai
                                 ^

File "game/artificial_character.rpy", line 5: expected statement.
    logging.basicConfig(filename='ai.log',encoding='utf-8',level=logging.INFO, filemode = 'w', format='%(process)d-%(levelname)s-%(message)s') 
                                                                                                                                               ^

File "game/artificial_character.rpy", line 8: expected statement.
    class ArtificialCharacter:
                             ^

Ren'Py Version: Ren'Py 8.3.3.24111502
Wed Dec  4 20:27:36 2024
